0 verbose cli C:\Program Files\nodejs\node.exe C:\Program Files\nodejs\node_modules\npm\bin\npm-cli.js
1 info using npm@10.9.3
2 info using node@v22.19.0
3 silly config load:file:C:\Program Files\nodejs\node_modules\npm\npmrc
4 silly config load:file:D:\Downloads\ngo\.npmrc
5 silly config load:file:C:\Users\Sakshi\.npmrc
6 silly config load:file:C:\Users\Sakshi\AppData\Roaming\npm\etc\npmrc
7 verbose config error loading global config Error: EPERM: operation not permitted, open 'C:\Users\Sakshi\AppData\Roaming\npm\etc\npmrc'
7 verbose config     at async open (node:internal/fs/promises:641:25)
7 verbose config     at async readFile (node:internal/fs/promises:1245:14)
7 verbose config     at async #loadFile (C:\Program Files\nodejs\node_modules\npm\node_modules\@npmcli\config\lib\index.js:589:5)
7 verbose config     at async Config.load (C:\Program Files\nodejs\node_modules\npm\node_modules\@npmcli\config\lib\index.js:253:5)
7 verbose config     at async #load (C:\Program Files\nodejs\node_modules\npm\lib\npm.js:98:5)
7 verbose config     at async Npm.load (C:\Program Files\nodejs\node_modules\npm\lib\npm.js:80:14)
7 verbose config     at async module.exports (C:\Program Files\nodejs\node_modules\npm\lib\cli\entry.js:42:37) {
7 verbose config   errno: -4048,
7 verbose config   code: 'EPERM',
7 verbose config   syscall: 'open',
7 verbose config   path: 'C:\\Users\\Sakshi\\AppData\\Roaming\\npm\\etc\\npmrc'
7 verbose config }
8 verbose title npm cache ls
9 verbose argv "cache" "ls" "--cache" ".npm-cache"
10 verbose logfile logs-max:10 dir:D:\Downloads\ngo\.npm-cache\_logs\2026-09-26T09_45_49_755Z-
11 verbose logfile D:\Downloads\ngo\.npm-cache\_logs\2026-09-26T09_45_49_755Z-debug-0.log
12 silly logfile done cleaning log files
13 verbose cwd D:\Downloads\ngo
14 verbose os Windows_NT 10.0.26200
15 verbose node v22.19.0
16 verbose npm  v10.9.3
17 verbose exit 0
18 info ok
